Backstage passes to a TAFKAL80ETC concert, 49, 59
Backstage passes to a TAFKAL80ETC concert, 4, 19
Backstage passes to a TAFKAL80ETC concert, 19, 16
Backstage passes to a TAFKAL80ETC concert, 2, 4
Backstage passes to a TAFKAL80ETC concert, 30, -1
Backstage passes to a TAFKAL80ETC concert, 15, 30
Backstage passes to a TAFKAL80ETC concert, 27, -4
Backstage passes to a TAFKAL80ETC concert, 5, 34
Backstage passes to a TAFKAL80ETC concert, 26, 18
Backstage passes to a TAFKAL80ETC concert, 43, -7
Backstage passes to a TAFKAL80ETC concert, 47, 1
Backstage passes to a TAFKAL80ETC concert, -1, 0
Backstage passes to a TAFKAL80ETC concert, 13, -8
Backstage passes to a TAFKAL80ETC concert, 9, 28
Backstage passes to a TAFKAL80ETC concert, 25, 46
Backstage passes to a TAFKAL80ETC concert, 46, -5
Backstage passes to a TAFKAL80ETC concert, 38, 11
Backstage passes to a TAFKAL80ETC concert, 11, 25
Backstage passes to a TAFKAL80ETC concert, 10, -3
Backstage passes to a TAFKAL80ETC concert, 28, 60
Backstage passes to a TAFKAL80ETC concert, 8, -8
Backstage passes to a TAFKAL80ETC concert, 39, -2
Backstage passes to a TAFKAL80ETC concert, 48, 32
Backstage passes to a TAFKAL80ETC concert, 20, 14
Backstage passes to a TAFKAL80ETC concert, 12, 35
Backstage passes to a TAFKAL80ETC concert, 7, 13
Backstage passes to a TAFKAL80ETC concert, 35, 20
Backstage passes to a TAFKAL80ETC concert, 14, 53
Backstage passes to a TAFKAL80ETC concert, 44, 9
Backstage passes to a TAFKAL80ETC concert, 31, 3
Backstage passes to a TAFKAL80ETC concert, 34, -6
Backstage passes to a TAFKAL80ETC concert, 1, 25
Backstage passes to a TAFKAL80ETC concert, 6, 20
Backstage passes to a TAFKAL80ETC concert, 22, 54
Backstage passes to a TAFKAL80ETC concert, 24, 4
Backstage passes to a TAFKAL80ETC concert, 33, 26
Backstage passes to a TAFKAL80ETC concert, 32, 10
Backstage passes to a TAFKAL80ETC concert, 0, 17
Backstage passes to a TAFKAL80ETC concert, 18, 58
Backstage passes to a TAFKAL80ETC concert, 23, 47
Backstage passes to a TAFKAL80ETC concert, 41, 56
Backstage passes to a TAFKAL80ETC concert, 21, 5
Backstage passes to a TAFKAL80ETC concert, 36, 52
Backstage passes to a TAFKAL80ETC concert, 17, 31
Backstage passes to a TAFKAL80ETC concert, 3, 50
Backstage passes to a TAFKAL80ETC concert, 42, 51
Backstage passes to a TAFKAL80ETC concert, 37, 37
Backstage passes to a TAFKAL80ETC concert, 45, 40
Backstage passes to a TAFKAL80ETC concert, 29, 43
Backstage passes to a TAFKAL80ETC concert, 40, 48
