Aged Brie, -1, 21
Aged Brie, 5, 12
Aged Brie, 15, -1
Aged Brie, 9, -7
Aged Brie, 30, 11
Aged Brie, 24, -8
Aged Brie, 43, -4
Aged Brie, 12, 59
Aged Brie, 8, 45
Aged Brie, 3, 18
Aged Brie, 48, -9
Aged Brie, 1, -5
Aged Brie, 22, 37
Aged Brie, 17, -2
Aged Brie, 10, 32
Aged Brie, 42, 54
Aged Brie, 41, 53
Aged Brie, 0, 4
Aged Brie, 28, 0
Aged Brie, 49, 6
Aged Brie, 40, 21
Aged Brie, 36, 2
Aged Brie, 16, -6
Aged Brie, 14, 5
Aged Brie, 32, 46
Aged Brie, 2, 13
Aged Brie, 45, -3
Aged Brie, 6, 40
Aged Brie, 19, 33
Aged Brie, 38, 27
Aged Brie, 23, 50
Aged Brie, 13, 39
Aged Brie, 37, 19
Aged Brie, 29, 38
Aged Brie, 31, 1
Aged Brie, 18, 17
Aged Brie, 39, 48
Aged Brie, 47, 3
Aged Brie, 7, 26
Aged Brie, 44, 60
Aged Brie, 20, 14
Aged Brie, 33, 8
Aged Brie, 27, 28
Aged Brie, 4, 30
Aged Brie, 21, 10
Aged Brie, 26, 58
Aged Brie, 46, 41
Aged Brie, 34, 7
Aged Brie, 25, 44
Aged Brie, 11, 43
