Mana Flower, -26, -1
Mana Flower, -26, -1
Backstage passes to a TAFKAL80ETC concert, -26, 0
Aged Brie, -26, 50
Sulfuras, Hand of Ragnaros, 0, -1
Backstage passes to a TAFKAL80ETC concert, -26, 0
Backstage passes to a TAFKAL80ETC concert, -26, 0
Sulfuras, Hand of Ragnaros, 0, -1
Mana Flower, -26, -1
Backstage passes to a TAFKAL80ETC concert, -26, 0
Backstage passes to a TAFKAL80ETC concert, -26, 0
Sulfuras, Hand of Ragnaros, 0, -1
Backstage passes to a TAFKAL80ETC concert, -26, 0
Aged Brie, -26, 50
Sulfuras, Hand of Ragnaros, 0, -1
Sulfuras, Hand of Ragnaros, 0, -1
Sulfuras, Hand of Ragnaros, 0, -1
Backstage passes to a TAFKAL80ETC concert, -26, 0
Sulfuras, Hand of Ragnaros, 0, -1
Aged Brie, -26, 50
Sulfuras, Hand of Ragnaros, 0, -1
Backstage passes to a TAFKAL80ETC concert, -26, 0
Backstage passes to a TAFKAL80ETC concert, -26, 0
Backstage passes to a TAFKAL80ETC concert, -26, 0
Sulfuras, Hand of Ragnaros, 0, -1
Sulfuras, Hand of Ragnaros, 0, -1
Aged Brie, -26, 50
Backstage passes to a TAFKAL80ETC concert, -26, 0
Backstage passes to a TAFKAL80ETC concert, -26, 0
Mana Flower, -26, -1
Backstage passes to a TAFKAL80ETC concert, -26, 0
Mana Flower, -26, -1
Aged Brie, -26, 50
Backstage passes to a TAFKAL80ETC concert, -26, 0
Mana Flower, -26, -1
Aged Brie, -26, 50
Sulfuras, Hand of Ragnaros, 0, -1
Sulfuras, Hand of Ragnaros, 0, -1
Mana Flower, -26, -1
Aged Brie, -26, 50
Aged Brie, -26, 50
Backstage passes to a TAFKAL80ETC concert, -26, 0
Backstage passes to a TAFKAL80ETC concert, -26, 0
Sulfuras, Hand of Ragnaros, 0, -1
Sulfuras, Hand of Ragnaros, 0, -1
Sulfuras, Hand of Ragnaros, 0, -1
Backstage passes to a TAFKAL80ETC concert, -26, 0
Mana Flower, -26, -1
Sulfuras, Hand of Ragnaros, 0, -1
Backstage passes to a TAFKAL80ETC concert, -26, 0
Sulfuras, Hand of Ragnaros, 0, -1
Aged Brie, -26, 50
Sulfuras, Hand of Ragnaros, 0, -1
Backstage passes to a TAFKAL80ETC concert, -26, 0
Sulfuras, Hand of Ragnaros, 0, -1
Mana Flower, -26, -1
Aged Brie, -26, 50
Sulfuras, Hand of Ragnaros, 0, -1
Aged Brie, -26, 50
Mana Flower, -26, -1
Mana Flower, -26, -1
Mana Flower, -26, -1
Backstage passes to a TAFKAL80ETC concert, -26, 0
Aged Brie, -26, 50
Mana Flower, -26, -1
Sulfuras, Hand of Ragnaros, 0, -1
Sulfuras, Hand of Ragnaros, 0, -1
Mana Flower, -26, -1
Aged Brie, -26, 50
Sulfuras, Hand of Ragnaros, 0, -1
Mana Flower, -26, -1
Mana Flower, -26, -1
Aged Brie, -26, 50
Mana Flower, -26, -1
Sulfuras, Hand of Ragnaros, 0, -1
Sulfuras, Hand of Ragnaros, 0, -1
Mana Flower, -26, -1
Backstage passes to a TAFKAL80ETC concert, -26, 0
Sulfuras, Hand of Ragnaros, 0, -1
Aged Brie, -26, 50
Aged Brie, -26, 50
Sulfuras, Hand of Ragnaros, 0, -1
Backstage passes to a TAFKAL80ETC concert, -26, 0
Backstage passes to a TAFKAL80ETC concert, -26, 0
Backstage passes to a TAFKAL80ETC concert, -26, 0
Aged Brie, -26, 50
Sulfuras, Hand of Ragnaros, 0, -1
Aged Brie, -26, 50
Backstage passes to a TAFKAL80ETC concert, -26, 0
Aged Brie, -26, 50
Sulfuras, Hand of Ragnaros, 0, -1
Backstage passes to a TAFKAL80ETC concert, -26, 0
Sulfuras, Hand of Ragnaros, 0, -1
Backstage passes to a TAFKAL80ETC concert, -26, 0
Mana Flower, -26, -1
Aged Brie, -26, 50
Aged Brie, -26, 50
Backstage passes to a TAFKAL80ETC concert, -26, 0
Backstage passes to a TAFKAL80ETC concert, -26, 0
Aged Brie, -26, 50
Mana Flower, -26, -1
Backstage passes to a TAFKAL80ETC concert, -26, 0
Backstage passes to a TAFKAL80ETC concert, -26, 0
Mana Flower, -26, -1
Sulfuras, Hand of Ragnaros, 0, -1
Sulfuras, Hand of Ragnaros, 0, -1
Aged Brie, -26, 50
Sulfuras, Hand of Ragnaros, 0, -1
Backstage passes to a TAFKAL80ETC concert, -26, 0
Aged Brie, -26, 50
Sulfuras, Hand of Ragnaros, 0, -1
Sulfuras, Hand of Ragnaros, 0, -1
Mana Flower, -26, -1
Mana Flower, -26, -1
Backstage passes to a TAFKAL80ETC concert, -26, 0
Aged Brie, -26, 50
Aged Brie, -26, 50
Aged Brie, -26, 50
Sulfuras, Hand of Ragnaros, 0, -1
Sulfuras, Hand of Ragnaros, 0, -1
Sulfuras, Hand of Ragnaros, 0, -1
Aged Brie, -26, 50
Sulfuras, Hand of Ragnaros, 0, -1
Backstage passes to a TAFKAL80ETC concert, -26, 0
Sulfuras, Hand of Ragnaros, 0, -1
Sulfuras, Hand of Ragnaros, 0, -1
Mana Flower, -26, -1
Aged Brie, -26, 50
Sulfuras, Hand of Ragnaros, 0, -1
Aged Brie, -26, 50
Mana Flower, -26, -1
Sulfuras, Hand of Ragnaros, 0, -1
Mana Flower, -26, -1
Mana Flower, -26, -1
Aged Brie, -26, 50
Backstage passes to a TAFKAL80ETC concert, -26, 0
Sulfuras, Hand of Ragnaros, 0, -1
Sulfuras, Hand of Ragnaros, 0, -1
Aged Brie, -26, 50
Aged Brie, -26, 50
Backstage passes to a TAFKAL80ETC concert, -26, 0
Aged Brie, -26, 50
Backstage passes to a TAFKAL80ETC concert, -26, 0
Aged Brie, -26, 50
Aged Brie, -26, 50
Aged Brie, -26, 50
Backstage passes to a TAFKAL80ETC concert, -26, 0
Sulfuras, Hand of Ragnaros, 0, -1
Backstage passes to a TAFKAL80ETC concert, -26, 0
Backstage passes to a TAFKAL80ETC concert, -26, 0
Mana Flower, -26, -1
Mana Flower, -26, -1
Backstage passes to a TAFKAL80ETC concert, -26, 0
Aged Brie, -26, 50
Mana Flower, -26, -1
Sulfuras, Hand of Ragnaros, 0, -1
Aged Brie, -26, 50
Backstage passes to a TAFKAL80ETC concert, -26, 0
Sulfuras, Hand of Ragnaros, 0, -1
Aged Brie, -26, 50
Backstage passes to a TAFKAL80ETC concert, -26, 0
Sulfuras, Hand of Ragnaros, 0, -1
Sulfuras, Hand of Ragnaros, 0, -1
Sulfuras, Hand of Ragnaros, 0, -1
Sulfuras, Hand of Ragnaros, 0, -1
Backstage passes to a TAFKAL80ETC concert, -26, 0
Backstage passes to a TAFKAL80ETC concert, -26, 0
Sulfuras, Hand of Ragnaros, 0, -1
Backstage passes to a TAFKAL80ETC concert, -26, 0
Backstage passes to a TAFKAL80ETC concert, -26, 0
Mana Flower, -26, -1
Aged Brie, -26, 50
Mana Flower, -26, -1
Mana Flower, -26, -1
Aged Brie, -26, 50
Backstage passes to a TAFKAL80ETC concert, -26, 0
Backstage passes to a TAFKAL80ETC concert, -26, 0
Mana Flower, -26, -1
Aged Brie, -26, 50
Backstage passes to a TAFKAL80ETC concert, -26, 0
Backstage passes to a TAFKAL80ETC concert, -26, 0
Sulfuras, Hand of Ragnaros, 0, -1
Backstage passes to a TAFKAL80ETC concert, -26, 0
Mana Flower, -26, -1
Mana Flower, -26, -1
Aged Brie, -26, 50
Backstage passes to a TAFKAL80ETC concert, -26, 0
Sulfuras, Hand of Ragnaros, 0, -1
Sulfuras, Hand of Ragnaros, 0, -1
Backstage passes to a TAFKAL80ETC concert, -26, 0
Backstage passes to a TAFKAL80ETC concert, -26, 0
Aged Brie, -26, 50
Sulfuras, Hand of Ragnaros, 0, -1
Backstage passes to a TAFKAL80ETC concert, -26, 0
Sulfuras, Hand of Ragnaros, 0, -1
Sulfuras, Hand of Ragnaros, 0, -1
Backstage passes to a TAFKAL80ETC concert, -26, 0
Backstage passes to a TAFKAL80ETC concert, -26, 0
Aged Brie, -26, 50
Sulfuras, Hand of Ragnaros, 0, -1
Mana Flower, -26, -1
Backstage passes to a TAFKAL80ETC concert, -26, 0
Backstage passes to a TAFKAL80ETC concert, -26, 0
Mana Flower, -26, -1
Backstage passes to a TAFKAL80ETC concert, -26, 0
Backstage passes to a TAFKAL80ETC concert, -26, 0
Backstage passes to a TAFKAL80ETC concert, -26, 0
Mana Flower, -26, -1
Mana Flower, -26, -1
Aged Brie, -26, 50
Sulfuras, Hand of Ragnaros, 0, -1
Mana Flower, -26, -1
Mana Flower, -26, -1
Mana Flower, -26, -1
Aged Brie, -26, 50
Mana Flower, -26, -1
Sulfuras, Hand of Ragnaros, 0, -1
Mana Flower, -26, -1
Backstage passes to a TAFKAL80ETC concert, -26, 0
Mana Flower, -26, -1
Mana Flower, -26, -1
Backstage passes to a TAFKAL80ETC concert, -26, 0
Aged Brie, -26, 50
Sulfuras, Hand of Ragnaros, 0, -1
Backstage passes to a TAFKAL80ETC concert, -26, 0
Aged Brie, -26, 50
Sulfuras, Hand of Ragnaros, 0, -1
Sulfuras, Hand of Ragnaros, 0, -1
Mana Flower, -26, -1
Sulfuras, Hand of Ragnaros, 0, -1
Sulfuras, Hand of Ragnaros, 0, -1
Mana Flower, -26, -1
Backstage passes to a TAFKAL80ETC concert, -26, 0
Aged Brie, -26, 50
Aged Brie, -26, 50
Aged Brie, -26, 50
Sulfuras, Hand of Ragnaros, 0, -1
Sulfuras, Hand of Ragnaros, 0, -1
Sulfuras, Hand of Ragnaros, 0, -1
Aged Brie, -26, 50
Sulfuras, Hand of Ragnaros, 0, -1
Aged Brie, -26, 50
Mana Flower, -26, -1
Aged Brie, -26, 50
Backstage passes to a TAFKAL80ETC concert, -26, 0
Sulfuras, Hand of Ragnaros, 0, -1
Backstage passes to a TAFKAL80ETC concert, -26, 0
Sulfuras, Hand of Ragnaros, 0, -1
Aged Brie, -26, 50
Sulfuras, Hand of Ragnaros, 0, -1
Sulfuras, Hand of Ragnaros, 0, -1
Aged Brie, -26, 50
Aged Brie, -26, 50
Mana Flower, -26, -1
Mana Flower, -26, -1
Sulfuras, Hand of Ragnaros, 0, -1
Sulfuras, Hand of Ragnaros, 0, -1
Aged Brie, -26, 50
Backstage passes to a TAFKAL80ETC concert, -26, 0
Sulfuras, Hand of Ragnaros, 0, -1
Backstage passes to a TAFKAL80ETC concert, -26, 0
Sulfuras, Hand of Ragnaros, 0, -1
Sulfuras, Hand of Ragnaros, 0, -1
Mana Flower, -26, -1
Mana Flower, -26, -1
Aged Brie, -26, 50
Mana Flower, -26, -1
Mana Flower, -26, -1
Aged Brie, -26, 50
Aged Brie, -26, 50
Backstage passes to a TAFKAL80ETC concert, -26, 0
Backstage passes to a TAFKAL80ETC concert, -26, 0
Backstage passes to a TAFKAL80ETC concert, -26, 0
Backstage passes to a TAFKAL80ETC concert, -26, 0
Mana Flower, -26, -1
Backstage passes to a TAFKAL80ETC concert, -26, 0
Mana Flower, -26, -1
Backstage passes to a TAFKAL80ETC concert, -26, 0
Backstage passes to a TAFKAL80ETC concert, -26, 0
Backstage passes to a TAFKAL80ETC concert, -26, 0
Mana Flower, -26, -1
Mana Flower, -26, -1
Sulfuras, Hand of Ragnaros, 0, -1
Mana Flower, -26, -1
Aged Brie, -26, 50
Sulfuras, Hand of Ragnaros, 0, -1
Sulfuras, Hand of Ragnaros, 0, -1
Mana Flower, -26, -1
Sulfuras, Hand of Ragnaros, 0, -1
Backstage passes to a TAFKAL80ETC concert, -26, 0
Mana Flower, -26, -1
Mana Flower, -26, -1
Mana Flower, -26, -1
Backstage passes to a TAFKAL80ETC concert, -26, 0
Backstage passes to a TAFKAL80ETC concert, -26, 0
Mana Flower, -26, -1
Mana Flower, -26, -1
Backstage passes to a TAFKAL80ETC concert, -26, 0
Aged Brie, -26, 50
Mana Flower, -26, -1
Mana Flower, -26, -1
Mana Flower, -26, -1
Mana Flower, -26, -1
Mana Flower, -26, -1
Mana Flower, -26, -1
Mana Flower, -26, -1
Backstage passes to a TAFKAL80ETC concert, -26, 0
Mana Flower, -26, -1
Sulfuras, Hand of Ragnaros, 0, -1
Mana Flower, -26, -1
Mana Flower, -26, -1
Sulfuras, Hand of Ragnaros, 0, -1
Backstage passes to a TAFKAL80ETC concert, -26, 0
Sulfuras, Hand of Ragnaros, 0, -1
Mana Flower, -26, -1
Aged Brie, -26, 50
Aged Brie, -26, 50
Aged Brie, -26, 50
Sulfuras, Hand of Ragnaros, 0, -1
Backstage passes to a TAFKAL80ETC concert, -26, 0
Backstage passes to a TAFKAL80ETC concert, -26, 0
Sulfuras, Hand of Ragnaros, 0, -1
Mana Flower, -26, -1
Mana Flower, -26, -1
Mana Flower, -26, -1
Aged Brie, -26, 50
Backstage passes to a TAFKAL80ETC concert, -26, 0
Mana Flower, -26, -1
Aged Brie, -26, 50
Sulfuras, Hand of Ragnaros, 0, -1
Backstage passes to a TAFKAL80ETC concert, -26, 0
Mana Flower, -26, -1
Mana Flower, -26, -1
Backstage passes to a TAFKAL80ETC concert, -26, 0
Mana Flower, -26, -1
Aged Brie, -26, 50
Mana Flower, -26, -1
Sulfuras, Hand of Ragnaros, 0, -1
Sulfuras, Hand of Ragnaros, 0, -1
Sulfuras, Hand of Ragnaros, 0, -1
Sulfuras, Hand of Ragnaros, 0, -1
Mana Flower, -26, -1
Sulfuras, Hand of Ragnaros, 0, -1
Aged Brie, -26, 50
Backstage passes to a TAFKAL80ETC concert, -26, 0
Backstage passes to a TAFKAL80ETC concert, -26, 0
Mana Flower, -26, -1
Sulfuras, Hand of Ragnaros, 0, -1
Aged Brie, -26, 50
Backstage passes to a TAFKAL80ETC concert, -26, 0
Backstage passes to a TAFKAL80ETC concert, -26, 0
Mana Flower, -26, -1
Aged Brie, -26, 50
Backstage passes to a TAFKAL80ETC concert, -26, 0
Sulfuras, Hand of Ragnaros, 0, -1
Aged Brie, -26, 50
Sulfuras, Hand of Ragnaros, 0, -1
Aged Brie, -26, 50
Mana Flower, -26, -1
Backstage passes to a TAFKAL80ETC concert, -26, 0
Sulfuras, Hand of Ragnaros, 0, -1
Backstage passes to a TAFKAL80ETC concert, -26, 0
Mana Flower, -26, -1
Mana Flower, -26, -1
Aged Brie, -26, 50
Aged Brie, -26, 50
Sulfuras, Hand of Ragnaros, 0, -1
Aged Brie, -26, 50
Aged Brie, -26, 50
Aged Brie, -26, 50
Aged Brie, -26, 50
Mana Flower, -26, -1
Aged Brie, -26, 50
Mana Flower, -26, -1
Aged Brie, -26, 50
Backstage passes to a TAFKAL80ETC concert, -26, 0
Mana Flower, -26, -1
Aged Brie, -26, 50
Backstage passes to a TAFKAL80ETC concert, -26, 0
Sulfuras, Hand of Ragnaros, 0, -1
Aged Brie, -26, 50
Aged Brie, -26, 50
Aged Brie, -26, 50
Aged Brie, -26, 50
Backstage passes to a TAFKAL80ETC concert, -26, 0
Backstage passes to a TAFKAL80ETC concert, -26, 0
Mana Flower, -26, -1
Mana Flower, -26, -1
Backstage passes to a TAFKAL80ETC concert, -26, 0
Sulfuras, Hand of Ragnaros, 0, -1
Mana Flower, -26, -1
Mana Flower, -26, -1
Aged Brie, -26, 50
Backstage passes to a TAFKAL80ETC concert, -26, 0
Aged Brie, -26, 50
Backstage passes to a TAFKAL80ETC concert, -26, 0
Aged Brie, -26, 50
Mana Flower, -26, -1
Sulfuras, Hand of Ragnaros, 0, -1
Aged Brie, -26, 50
Backstage passes to a TAFKAL80ETC concert, -26, 0
Sulfuras, Hand of Ragnaros, 0, -1
Sulfuras, Hand of Ragnaros, 0, -1
Aged Brie, -26, 50
Backstage passes to a TAFKAL80ETC concert, -26, 0
Aged Brie, -26, 50
Backstage passes to a TAFKAL80ETC concert, -26, 0
Sulfuras, Hand of Ragnaros, 0, -1
Backstage passes to a TAFKAL80ETC concert, -26, 0
Aged Brie, -26, 50
Mana Flower, -26, -1
Mana Flower, -26, -1
Sulfuras, Hand of Ragnaros, 0, -1
Backstage passes to a TAFKAL80ETC concert, -26, 0
Aged Brie, -26, 50
Sulfuras, Hand of Ragnaros, 0, -1
Aged Brie, -26, 50
Backstage passes to a TAFKAL80ETC concert, -26, 0
Backstage passes to a TAFKAL80ETC concert, -26, 0
Mana Flower, -26, -1
Backstage passes to a TAFKAL80ETC concert, -26, 0
Aged Brie, -26, 50
Backstage passes to a TAFKAL80ETC concert, -26, 0
Mana Flower, -26, -1
Sulfuras, Hand of Ragnaros, 0, -1
Mana Flower, -26, -1
Mana Flower, -26, -1
Backstage passes to a TAFKAL80ETC concert, -26, 0
Backstage passes to a TAFKAL80ETC concert, -26, 0
Aged Brie, -26, 50
Aged Brie, -26, 50
Aged Brie, -26, 50
Sulfuras, Hand of Ragnaros, 0, -1
Mana Flower, -26, -1
Sulfuras, Hand of Ragnaros, 0, -1
Aged Brie, -26, 50
Backstage passes to a TAFKAL80ETC concert, -26, 0
Backstage passes to a TAFKAL80ETC concert, -26, 0
Aged Brie, -26, 50
Aged Brie, -26, 50
Sulfuras, Hand of Ragnaros, 0, -1
Backstage passes to a TAFKAL80ETC concert, -26, 0
Sulfuras, Hand of Ragnaros, 0, -1
Aged Brie, -26, 50
Aged Brie, -26, 50
Aged Brie, -26, 50
Mana Flower, -26, -1
Sulfuras, Hand of Ragnaros, 0, -1
Aged Brie, -26, 50
Mana Flower, -26, -1
Backstage passes to a TAFKAL80ETC concert, -26, 0
Aged Brie, -26, 50
Aged Brie, -26, 50
Mana Flower, -26, -1
Aged Brie, -26, 50
Aged Brie, -26, 50
Backstage passes to a TAFKAL80ETC concert, -26, 0
Mana Flower, -26, -1
Mana Flower, -26, -1
Sulfuras, Hand of Ragnaros, 0, -1
Aged Brie, -26, 50
Aged Brie, -26, 50
Sulfuras, Hand of Ragnaros, 0, -1
Aged Brie, -26, 50
Aged Brie, -26, 50
Aged Brie, -26, 50
Sulfuras, Hand of Ragnaros, 0, -1
Sulfuras, Hand of Ragnaros, 0, -1
Aged Brie, -26, 50
Sulfuras, Hand of Ragnaros, 0, -1
Backstage passes to a TAFKAL80ETC concert, -26, 0
Sulfuras, Hand of Ragnaros, 0, -1
Backstage passes to a TAFKAL80ETC concert, -26, 0
Sulfuras, Hand of Ragnaros, 0, -1
Backstage passes to a TAFKAL80ETC concert, -26, 0
Aged Brie, -26, 50
Backstage passes to a TAFKAL80ETC concert, -26, 0
Sulfuras, Hand of Ragnaros, 0, -1
Mana Flower, -26, -1
Backstage passes to a TAFKAL80ETC concert, -26, 0
Backstage passes to a TAFKAL80ETC concert, -26, 0
Backstage passes to a TAFKAL80ETC concert, -26, 0
Mana Flower, -26, -1
Mana Flower, -26, -1
Backstage passes to a TAFKAL80ETC concert, -26, 0
Backstage passes to a TAFKAL80ETC concert, -26, 0
Aged Brie, -26, 50
Sulfuras, Hand of Ragnaros, 0, -1
Aged Brie, -26, 50
Backstage passes to a TAFKAL80ETC concert, -26, 0
Backstage passes to a TAFKAL80ETC concert, -26, 0
Mana Flower, -26, -1
Mana Flower, -26, -1
Sulfuras, Hand of Ragnaros, 0, -1
Backstage passes to a TAFKAL80ETC concert, -26, 0
Mana Flower, -26, -1
Backstage passes to a TAFKAL80ETC concert, -26, 0
Aged Brie, -26, 50
Aged Brie, -26, 50
Backstage passes to a TAFKAL80ETC concert, -26, 0
Aged Brie, -26, 50
Sulfuras, Hand of Ragnaros, 0, -1
Sulfuras, Hand of Ragnaros, 0, -1
Aged Brie, -26, 50
Sulfuras, Hand of Ragnaros, 0, -1
Mana Flower, -26, -1
Sulfuras, Hand of Ragnaros, 0, -1
Mana Flower, -26, -1
Aged Brie, -26, 50
Backstage passes to a TAFKAL80ETC concert, -26, 0
Mana Flower, -26, -1
Mana Flower, -26, -1
Backstage passes to a TAFKAL80ETC concert, -26, 0
Mana Flower, -26, -1
Sulfuras, Hand of Ragnaros, 0, -1
Backstage passes to a TAFKAL80ETC concert, -26, 0
Sulfuras, Hand of Ragnaros, 0, -1
Aged Brie, -26, 50
Aged Brie, -26, 50
Backstage passes to a TAFKAL80ETC concert, -26, 0
Aged Brie, -26, 50
Sulfuras, Hand of Ragnaros, 0, -1
Mana Flower, -26, -1
Backstage passes to a TAFKAL80ETC concert, -26, 0
Backstage passes to a TAFKAL80ETC concert, -26, 0
Sulfuras, Hand of Ragnaros, 0, -1
Sulfuras, Hand of Ragnaros, 0, -1
Backstage passes to a TAFKAL80ETC concert, -26, 0
Sulfuras, Hand of Ragnaros, 0, -1
Sulfuras, Hand of Ragnaros, 0, -1
Aged Brie, -26, 50
Sulfuras, Hand of Ragnaros, 0, -1
Mana Flower, -26, -1
Aged Brie, -26, 50
Sulfuras, Hand of Ragnaros, 0, -1
Sulfuras, Hand of Ragnaros, 0, -1
Mana Flower, -26, -1
Sulfuras, Hand of Ragnaros, 0, -1
Sulfuras, Hand of Ragnaros, 0, -1
Backstage passes to a TAFKAL80ETC concert, -26, 0
Sulfuras, Hand of Ragnaros, 0, -1
Backstage passes to a TAFKAL80ETC concert, -26, 0
Sulfuras, Hand of Ragnaros, 0, -1
Sulfuras, Hand of Ragnaros, 0, -1
Aged Brie, -26, 50
Aged Brie, -26, 50
Sulfuras, Hand of Ragnaros, 0, -1
Mana Flower, -26, -1
Aged Brie, -26, 50
Aged Brie, -26, 50
Aged Brie, -26, 50
Aged Brie, -26, 50
Mana Flower, -26, -1
Aged Brie, -26, 50
Sulfuras, Hand of Ragnaros, 0, -1
Mana Flower, -26, -1
Aged Brie, -26, 50
Sulfuras, Hand of Ragnaros, 0, -1
Mana Flower, -26, -1
Mana Flower, -26, -1
Aged Brie, -26, 50
Mana Flower, -26, -1
Backstage passes to a TAFKAL80ETC concert, -26, 0
Backstage passes to a TAFKAL80ETC concert, -26, 0
Backstage passes to a TAFKAL80ETC concert, -26, 0
Backstage passes to a TAFKAL80ETC concert, -26, 0
Sulfuras, Hand of Ragnaros, 0, -1
Sulfuras, Hand of Ragnaros, 0, -1
Mana Flower, -26, -1
Aged Brie, -26, 50
Backstage passes to a TAFKAL80ETC concert, -26, 0
Backstage passes to a TAFKAL80ETC concert, -26, 0
Mana Flower, -26, -1
Mana Flower, -26, -1
Sulfuras, Hand of Ragnaros, 0, -1
Sulfuras, Hand of Ragnaros, 0, -1
Sulfuras, Hand of Ragnaros, 0, -1
Mana Flower, -26, -1
Mana Flower, -26, -1
Sulfuras, Hand of Ragnaros, 0, -1
Mana Flower, -26, -1
Sulfuras, Hand of Ragnaros, 0, -1
Aged Brie, -26, 50
Aged Brie, -26, 50
Aged Brie, -26, 50
Mana Flower, -26, -1
Aged Brie, -26, 50
Mana Flower, -26, -1
Sulfuras, Hand of Ragnaros, 0, -1
Backstage passes to a TAFKAL80ETC concert, -26, 0
Sulfuras, Hand of Ragnaros, 0, -1
Aged Brie, -26, 50
Sulfuras, Hand of Ragnaros, 0, -1
Aged Brie, -26, 50
Aged Brie, -26, 50
Backstage passes to a TAFKAL80ETC concert, -26, 0
Sulfuras, Hand of Ragnaros, 0, -1
Sulfuras, Hand of Ragnaros, 0, -1
Backstage passes to a TAFKAL80ETC concert, -26, 0
Backstage passes to a TAFKAL80ETC concert, -26, 0
Mana Flower, -26, -1
Aged Brie, -26, 50
Mana Flower, -26, -1
Mana Flower, -26, -1
Backstage passes to a TAFKAL80ETC concert, -26, 0
Mana Flower, -26, -1
Aged Brie, -26, 50
Mana Flower, -26, -1
Backstage passes to a TAFKAL80ETC concert, -26, 0
Sulfuras, Hand of Ragnaros, 0, -1
Mana Flower, -26, -1
Backstage passes to a TAFKAL80ETC concert, -26, 0
Aged Brie, -26, 50
Mana Flower, -26, -1
Aged Brie, -26, 50
Aged Brie, -26, 50
Sulfuras, Hand of Ragnaros, 0, -1
Backstage passes to a TAFKAL80ETC concert, -26, 0
Sulfuras, Hand of Ragnaros, 0, -1
Sulfuras, Hand of Ragnaros, 0, -1
Backstage passes to a TAFKAL80ETC concert, -26, 0
Mana Flower, -26, -1
Aged Brie, -26, 50
Backstage passes to a TAFKAL80ETC concert, -26, 0
Mana Flower, -26, -1
Mana Flower, -26, -1
Mana Flower, -26, -1
Sulfuras, Hand of Ragnaros, 0, -1
Mana Flower, -26, -1
Sulfuras, Hand of Ragnaros, 0, -1
Backstage passes to a TAFKAL80ETC concert, -26, 0
Mana Flower, -26, -1
Mana Flower, -26, -1
Mana Flower, -26, -1
Mana Flower, -26, -1
Backstage passes to a TAFKAL80ETC concert, -26, 0
Mana Flower, -26, -1
Sulfuras, Hand of Ragnaros, 0, -1
Mana Flower, -26, -1
Sulfuras, Hand of Ragnaros, 0, -1
Backstage passes to a TAFKAL80ETC concert, -26, 0
Backstage passes to a TAFKAL80ETC concert, -26, 0
Mana Flower, -26, -1
Aged Brie, -26, 50
Mana Flower, -26, -1
Aged Brie, -26, 50
Aged Brie, -26, 50
Sulfuras, Hand of Ragnaros, 0, -1
Backstage passes to a TAFKAL80ETC concert, -26, 0
Mana Flower, -26, -1
Backstage passes to a TAFKAL80ETC concert, -26, 0
Backstage passes to a TAFKAL80ETC concert, -26, 0
Mana Flower, -26, -1
Sulfuras, Hand of Ragnaros, 0, -1
Mana Flower, -26, -1
Mana Flower, -26, -1
Backstage passes to a TAFKAL80ETC concert, -26, 0
Sulfuras, Hand of Ragnaros, 0, -1
Sulfuras, Hand of Ragnaros, 0, -1
Backstage passes to a TAFKAL80ETC concert, -26, 0
Sulfuras, Hand of Ragnaros, 0, -1
Backstage passes to a TAFKAL80ETC concert, -26, 0
Mana Flower, -26, -1
Aged Brie, -26, 50
Backstage passes to a TAFKAL80ETC concert, -26, 0
Aged Brie, -26, 50
Mana Flower, -26, -1
Backstage passes to a TAFKAL80ETC concert, -26, 0
Sulfuras, Hand of Ragnaros, 0, -1
Aged Brie, -26, 50
Backstage passes to a TAFKAL80ETC concert, -26, 0
Sulfuras, Hand of Ragnaros, 0, -1
Sulfuras, Hand of Ragnaros, 0, -1
Mana Flower, -26, -1
Aged Brie, -26, 50
Backstage passes to a TAFKAL80ETC concert, -26, 0
Mana Flower, -26, -1
Sulfuras, Hand of Ragnaros, 0, -1
Mana Flower, -26, -1
Aged Brie, -26, 50
Backstage passes to a TAFKAL80ETC concert, -26, 0
Mana Flower, -26, -1
Mana Flower, -26, -1
Mana Flower, -26, -1
Mana Flower, -26, -1
Sulfuras, Hand of Ragnaros, 0, -1
Sulfuras, Hand of Ragnaros, 0, -1
Aged Brie, -26, 50
Backstage passes to a TAFKAL80ETC concert, -26, 0
Aged Brie, -26, 50
Sulfuras, Hand of Ragnaros, 0, -1
Aged Brie, -26, 50
Sulfuras, Hand of Ragnaros, 0, -1
Aged Brie, -26, 50
Aged Brie, -26, 50
Mana Flower, -26, -1
Backstage passes to a TAFKAL80ETC concert, -26, 0
Sulfuras, Hand of Ragnaros, 0, -1
Mana Flower, -26, -1
Sulfuras, Hand of Ragnaros, 0, -1
Mana Flower, -26, -1
Mana Flower, -26, -1
Backstage passes to a TAFKAL80ETC concert, -26, 0
Sulfuras, Hand of Ragnaros, 0, -1
Aged Brie, -26, 50
Sulfuras, Hand of Ragnaros, 0, -1
Aged Brie, -26, 50
Mana Flower, -26, -1
Sulfuras, Hand of Ragnaros, 0, -1
Sulfuras, Hand of Ragnaros, 0, -1
Mana Flower, -26, -1
Backstage passes to a TAFKAL80ETC concert, -26, 0
Aged Brie, -26, 50
Backstage passes to a TAFKAL80ETC concert, -26, 0
Backstage passes to a TAFKAL80ETC concert, -26, 0
Backstage passes to a TAFKAL80ETC concert, -26, 0
Mana Flower, -26, -1
Mana Flower, -26, -1
Backstage passes to a TAFKAL80ETC concert, -26, 0
Sulfuras, Hand of Ragnaros, 0, -1
Mana Flower, -26, -1
Mana Flower, -26, -1
Aged Brie, -26, 50
Aged Brie, -26, 50
Aged Brie, -26, 50
Backstage passes to a TAFKAL80ETC concert, -26, 0
Backstage passes to a TAFKAL80ETC concert, -26, 0
Mana Flower, -26, -1
Sulfuras, Hand of Ragnaros, 0, -1
Sulfuras, Hand of Ragnaros, 0, -1
Aged Brie, -26, 50
Backstage passes to a TAFKAL80ETC concert, -26, 0
Mana Flower, -26, -1
Backstage passes to a TAFKAL80ETC concert, -26, 0
Backstage passes to a TAFKAL80ETC concert, -26, 0
Aged Brie, -26, 50
Aged Brie, -26, 50
Backstage passes to a TAFKAL80ETC concert, -26, 0
Sulfuras, Hand of Ragnaros, 0, -1
Mana Flower, -26, -1
Aged Brie, -26, 50
Backstage passes to a TAFKAL80ETC concert, -26, 0
Backstage passes to a TAFKAL80ETC concert, -26, 0
Backstage passes to a TAFKAL80ETC concert, -26, 0
Aged Brie, -26, 50
Aged Brie, -26, 50
Aged Brie, -26, 50
Aged Brie, -26, 50
Backstage passes to a TAFKAL80ETC concert, -26, 0
Backstage passes to a TAFKAL80ETC concert, -26, 0
Backstage passes to a TAFKAL80ETC concert, -26, 0
Sulfuras, Hand of Ragnaros, 0, -1
Aged Brie, -26, 50
Backstage passes to a TAFKAL80ETC concert, -26, 0
Mana Flower, -26, -1
Backstage passes to a TAFKAL80ETC concert, -26, 0
Mana Flower, -26, -1
Sulfuras, Hand of Ragnaros, 0, -1
Sulfuras, Hand of Ragnaros, 0, -1
Sulfuras, Hand of Ragnaros, 0, -1
Aged Brie, -26, 50
Backstage passes to a TAFKAL80ETC concert, -26, 0
Sulfuras, Hand of Ragnaros, 0, -1
Aged Brie, -26, 50
Sulfuras, Hand of Ragnaros, 0, -1
Backstage passes to a TAFKAL80ETC concert, -26, 0
Backstage passes to a TAFKAL80ETC concert, -26, 0
Backstage passes to a TAFKAL80ETC concert, -26, 0
Backstage passes to a TAFKAL80ETC concert, -26, 0
Aged Brie, -26, 50
Backstage passes to a TAFKAL80ETC concert, -26, 0
Aged Brie, -26, 50
Aged Brie, -26, 50
Mana Flower, -26, -1
Aged Brie, -26, 50
Backstage passes to a TAFKAL80ETC concert, -26, 0
Backstage passes to a TAFKAL80ETC concert, -26, 0
Mana Flower, -26, -1
Mana Flower, -26, -1
Mana Flower, -26, -1
Sulfuras, Hand of Ragnaros, 0, -1
Sulfuras, Hand of Ragnaros, 0, -1
Aged Brie, -26, 50
Backstage passes to a TAFKAL80ETC concert, -26, 0
Sulfuras, Hand of Ragnaros, 0, -1
Aged Brie, -26, 50
Mana Flower, -26, -1
Mana Flower, -26, -1
Backstage passes to a TAFKAL80ETC concert, -26, 0
Aged Brie, -26, 50
Aged Brie, -26, 50
Mana Flower, -26, -1
Aged Brie, -26, 50
Aged Brie, -26, 50
Sulfuras, Hand of Ragnaros, 0, -1
Mana Flower, -26, -1
Backstage passes to a TAFKAL80ETC concert, -26, 0
Mana Flower, -26, -1
Sulfuras, Hand of Ragnaros, 0, -1
Mana Flower, -26, -1
Aged Brie, -26, 50
Backstage passes to a TAFKAL80ETC concert, -26, 0
Backstage passes to a TAFKAL80ETC concert, -26, 0
Backstage passes to a TAFKAL80ETC concert, -26, 0
Sulfuras, Hand of Ragnaros, 0, -1
Backstage passes to a TAFKAL80ETC concert, -26, 0
Backstage passes to a TAFKAL80ETC concert, -26, 0
Aged Brie, -26, 50
Backstage passes to a TAFKAL80ETC concert, -26, 0
Backstage passes to a TAFKAL80ETC concert, -26, 0
Backstage passes to a TAFKAL80ETC concert, -26, 0
Aged Brie, -26, 50
Aged Brie, -26, 50
Aged Brie, -26, 50
Backstage passes to a TAFKAL80ETC concert, -26, 0
Sulfuras, Hand of Ragnaros, 0, -1
Mana Flower, -26, -1
Sulfuras, Hand of Ragnaros, 0, -1
Mana Flower, -26, -1
Aged Brie, -26, 50
Sulfuras, Hand of Ragnaros, 0, -1
Mana Flower, -26, -1
Sulfuras, Hand of Ragnaros, 0, -1
Backstage passes to a TAFKAL80ETC concert, -26, 0
Sulfuras, Hand of Ragnaros, 0, -1
Aged Brie, -26, 50
Mana Flower, -26, -1
Mana Flower, -26, -1
Aged Brie, -26, 50
Backstage passes to a TAFKAL80ETC concert, -26, 0
Mana Flower, -26, -1
Aged Brie, -26, 50
Sulfuras, Hand of Ragnaros, 0, -1
Backstage passes to a TAFKAL80ETC concert, -26, 0
Mana Flower, -26, -1
Sulfuras, Hand of Ragnaros, 0, -1
Backstage passes to a TAFKAL80ETC concert, -26, 0
Mana Flower, -26, -1
Mana Flower, -26, -1
Mana Flower, -26, -1
Mana Flower, -26, -1
Sulfuras, Hand of Ragnaros, 0, -1
Mana Flower, -26, -1
Mana Flower, -26, -1
Sulfuras, Hand of Ragnaros, 0, -1
Aged Brie, -26, 50
Backstage passes to a TAFKAL80ETC concert, -26, 0
Mana Flower, -26, -1
Aged Brie, -26, 50
Backstage passes to a TAFKAL80ETC concert, -26, 0
Mana Flower, -26, -1
Mana Flower, -26, -1
Mana Flower, -26, -1
Sulfuras, Hand of Ragnaros, 0, -1
Aged Brie, -26, 50
Sulfuras, Hand of Ragnaros, 0, -1
Backstage passes to a TAFKAL80ETC concert, -26, 0
Aged Brie, -26, 50
Mana Flower, -26, -1
Sulfuras, Hand of Ragnaros, 0, -1
Aged Brie, -26, 50
Aged Brie, -26, 50
Backstage passes to a TAFKAL80ETC concert, -26, 0
Aged Brie, -26, 50
Mana Flower, -26, -1
Backstage passes to a TAFKAL80ETC concert, -26, 0
Backstage passes to a TAFKAL80ETC concert, -26, 0
Sulfuras, Hand of Ragnaros, 0, -1
Aged Brie, -26, 50
Mana Flower, -26, -1
Mana Flower, -26, -1
Backstage passes to a TAFKAL80ETC concert, -26, 0
Sulfuras, Hand of Ragnaros, 0, -1
Mana Flower, -26, -1
Sulfuras, Hand of Ragnaros, 0, -1
Mana Flower, -26, -1
Sulfuras, Hand of Ragnaros, 0, -1
Backstage passes to a TAFKAL80ETC concert, -26, 0
Sulfuras, Hand of Ragnaros, 0, -1
Backstage passes to a TAFKAL80ETC concert, -26, 0
Backstage passes to a TAFKAL80ETC concert, -26, 0
Sulfuras, Hand of Ragnaros, 0, -1
Sulfuras, Hand of Ragnaros, 0, -1
Mana Flower, -26, -1
Backstage passes to a TAFKAL80ETC concert, -26, 0
Backstage passes to a TAFKAL80ETC concert, -26, 0
Sulfuras, Hand of Ragnaros, 0, -1
Mana Flower, -26, -1
Backstage passes to a TAFKAL80ETC concert, -26, 0
Aged Brie, -26, 50
Mana Flower, -26, -1
Mana Flower, -26, -1
Sulfuras, Hand of Ragnaros, 0, -1
Backstage passes to a TAFKAL80ETC concert, -26, 0
Backstage passes to a TAFKAL80ETC concert, -26, 0
Sulfuras, Hand of Ragnaros, 0, -1
Aged Brie, -26, 50
Backstage passes to a TAFKAL80ETC concert, -26, 0
Aged Brie, -26, 50
Backstage passes to a TAFKAL80ETC concert, -26, 0
Mana Flower, -26, -1
Mana Flower, -26, -1
Aged Brie, -26, 50
Sulfuras, Hand of Ragnaros, 0, -1
Backstage passes to a TAFKAL80ETC concert, -26, 0
Sulfuras, Hand of Ragnaros, 0, -1
Mana Flower, -26, -1
Sulfuras, Hand of Ragnaros, 0, -1
Sulfuras, Hand of Ragnaros, 0, -1
Mana Flower, -26, -1
Backstage passes to a TAFKAL80ETC concert, -26, 0
Sulfuras, Hand of Ragnaros, 0, -1
Sulfuras, Hand of Ragnaros, 0, -1
Mana Flower, -26, -1
Sulfuras, Hand of Ragnaros, 0, -1
Backstage passes to a TAFKAL80ETC concert, -26, 0
Mana Flower, -26, -1
Aged Brie, -26, 50
Aged Brie, -26, 50
Aged Brie, -26, 50
Sulfuras, Hand of Ragnaros, 0, -1
Aged Brie, -26, 50
Sulfuras, Hand of Ragnaros, 0, -1
Backstage passes to a TAFKAL80ETC concert, -26, 0
Sulfuras, Hand of Ragnaros, 0, -1
Aged Brie, -26, 50
Backstage passes to a TAFKAL80ETC concert, -26, 0
Sulfuras, Hand of Ragnaros, 0, -1
Aged Brie, -26, 50
Sulfuras, Hand of Ragnaros, 0, -1
Aged Brie, -26, 50
Mana Flower, -26, -1
Aged Brie, -26, 50
Aged Brie, -26, 50
Backstage passes to a TAFKAL80ETC concert, -26, 0
Backstage passes to a TAFKAL80ETC concert, -26, 0
Backstage passes to a TAFKAL80ETC concert, -26, 0
Backstage passes to a TAFKAL80ETC concert, -26, 0
Backstage passes to a TAFKAL80ETC concert, -26, 0
Aged Brie, -26, 50
Sulfuras, Hand of Ragnaros, 0, -1
Sulfuras, Hand of Ragnaros, 0, -1
Mana Flower, -26, -1
Mana Flower, -26, -1
Backstage passes to a TAFKAL80ETC concert, -26, 0
Mana Flower, -26, -1
Mana Flower, -26, -1
Mana Flower, -26, -1
Aged Brie, -26, 50
Mana Flower, -26, -1
Mana Flower, -26, -1
Backstage passes to a TAFKAL80ETC concert, -26, 0
Sulfuras, Hand of Ragnaros, 0, -1
Sulfuras, Hand of Ragnaros, 0, -1
Backstage passes to a TAFKAL80ETC concert, -26, 0
Backstage passes to a TAFKAL80ETC concert, -26, 0
Sulfuras, Hand of Ragnaros, 0, -1
Sulfuras, Hand of Ragnaros, 0, -1
Sulfuras, Hand of Ragnaros, 0, -1
Aged Brie, -26, 50
Sulfuras, Hand of Ragnaros, 0, -1
Mana Flower, -26, -1
Backstage passes to a TAFKAL80ETC concert, -26, 0
Backstage passes to a TAFKAL80ETC concert, -26, 0
Sulfuras, Hand of Ragnaros, 0, -1
Sulfuras, Hand of Ragnaros, 0, -1
Sulfuras, Hand of Ragnaros, 0, -1
Backstage passes to a TAFKAL80ETC concert, -26, 0
Sulfuras, Hand of Ragnaros, 0, -1
Sulfuras, Hand of Ragnaros, 0, -1
Aged Brie, -26, 50
Backstage passes to a TAFKAL80ETC concert, -26, 0
Mana Flower, -26, -1
Backstage passes to a TAFKAL80ETC concert, -26, 0
Sulfuras, Hand of Ragnaros, 0, -1
Backstage passes to a TAFKAL80ETC concert, -26, 0
Aged Brie, -26, 50
Sulfuras, Hand of Ragnaros, 0, -1
Sulfuras, Hand of Ragnaros, 0, -1
Mana Flower, -26, -1
Aged Brie, -26, 50
Aged Brie, -26, 50
Mana Flower, -26, -1
Mana Flower, -26, -1
Sulfuras, Hand of Ragnaros, 0, -1
Backstage passes to a TAFKAL80ETC concert, -26, 0
Backstage passes to a TAFKAL80ETC concert, -26, 0
Aged Brie, -26, 50
Mana Flower, -26, -1
Aged Brie, -26, 50
Backstage passes to a TAFKAL80ETC concert, -26, 0
Sulfuras, Hand of Ragnaros, 0, -1
Mana Flower, -26, -1
Aged Brie, -26, 50
Sulfuras, Hand of Ragnaros, 0, -1
Mana Flower, -26, -1
Backstage passes to a TAFKAL80ETC concert, -26, 0
Sulfuras, Hand of Ragnaros, 0, -1
Aged Brie, -26, 50
Aged Brie, -26, 50
